  Determining projects to restore...
  All projects are up-to-date for restore.
  Touchpointe.Domain -> C:\Users\ajmal\Desktop\touchpointe\touchpointe_os\backend\src\Touchpointe.Domain\bin\Debug\net9.0\Touchpointe.Domain.dll
  Touchpointe.Application -> C:\Users\ajmal\Desktop\touchpointe\touchpointe_os\backend\src\Touchpointe.Application\bin\Debug\net9.0\Touchpointe.Application.dll
  Touchpointe.Infrastructure -> C:\Users\ajmal\Desktop\touchpointe\touchpointe_os\backend\src\Touchpointe.Infrastructure\bin\Debug\net9.0\Touchpointe.Infrastructure.dll
C:\Program Files\dotnet\sdk\9.0.310\Microsoft.Common.CurrentVersion.targets(5093,5): warning MSB3026: Could not copy "C:\Users\ajmal\Desktop\touchpointe\touchpointe_os\backend\src\Touchpointe.Application\bin\Debug\net9.0\Touchpointe.Application.dll" to "bin\Debug\net9.0\Touchpointe.Application.dll". Beginning retry 1 in 1000ms. The process cannot access the file 'C:\Users\ajmal\Desktop\touchpointe\touchpointe_os\backend\src\touchpointe.api\bin\Debug\net9.0\Touchpointe.Application.dll' because it is being used by another process. The file is locked by: "Touchpointe.API (30180)" [C:\Users\ajmal\Desktop\touchpointe\touchpointe_os\backend\src\touchpointe.api\touchpointe.api.csproj]
C:\Program Files\dotnet\sdk\9.0.310\Microsoft.Common.CurrentVersion.targets(5093,5): warning MSB3026: Could not copy "C:\Users\ajmal\Desktop\touchpointe\touchpointe_os\backend\src\Touchpointe.Application\bin\Debug\net9.0\Touchpointe.Application.dll" to "bin\Debug\net9.0\Touchpointe.Application.dll". Beginning retry 2 in 1000ms. The process cannot access the file 'C:\Users\ajmal\Desktop\touchpointe\touchpointe_os\backend\src\touchpointe.api\bin\Debug\net9.0\Touchpointe.Application.dll' because it is being used by another process. The file is locked by: "Touchpointe.API (30180)" [C:\Users\ajmal\Desktop\touchpointe\touchpointe_os\backend\src\touchpointe.api\touchpointe.api.csproj]
C:\Program Files\dotnet\sdk\9.0.310\Microsoft.Common.CurrentVersion.targets(5093,5): warning MSB3026: Could not copy "C:\Users\ajmal\Desktop\touchpointe\touchpointe_os\backend\src\Touchpointe.Application\bin\Debug\net9.0\Touchpointe.Application.dll" to "bin\Debug\net9.0\Touchpointe.Application.dll". Beginning retry 3 in 1000ms. The process cannot access the file 'C:\Users\ajmal\Desktop\touchpointe\touchpointe_os\backend\src\touchpointe.api\bin\Debug\net9.0\Touchpointe.Application.dll' because it is being used by another process. The file is locked by: "Touchpointe.API (30180)" [C:\Users\ajmal\Desktop\touchpointe\touchpointe_os\backend\src\touchpointe.api\touchpointe.api.csproj]
C:\Program Files\dotnet\sdk\9.0.310\Microsoft.Common.CurrentVersion.targets(5093,5): warning MSB3026: Could not copy "C:\Users\ajmal\Desktop\touchpointe\touchpointe_os\backend\src\Touchpointe.Application\bin\Debug\net9.0\Touchpointe.Application.dll" to "bin\Debug\net9.0\Touchpointe.Application.dll". Beginning retry 4 in 1000ms. The process cannot access the file 'C:\Users\ajmal\Desktop\touchpointe\touchpointe_os\backend\src\touchpointe.api\bin\Debug\net9.0\Touchpointe.Application.dll' because it is being used by another process. The file is locked by: "Touchpointe.API (30180)" [C:\Users\ajmal\Desktop\touchpointe\touchpointe_os\backend\src\touchpointe.api\touchpointe.api.csproj]
C:\Program Files\dotnet\sdk\9.0.310\Microsoft.Common.CurrentVersion.targets(5093,5): warning MSB3026: Could not copy "C:\Users\ajmal\Desktop\touchpointe\touchpointe_os\backend\src\Touchpointe.Application\bin\Debug\net9.0\Touchpointe.Application.dll" to "bin\Debug\net9.0\Touchpointe.Application.dll". Beginning retry 5 in 1000ms. The process cannot access the file 'C:\Users\ajmal\Desktop\touchpointe\touchpointe_os\backend\src\touchpointe.api\bin\Debug\net9.0\Touchpointe.Application.dll' because it is being used by another process. The file is locked by: "Touchpointe.API (30180)" [C:\Users\ajmal\Desktop\touchpointe\touchpointe_os\backend\src\touchpointe.api\touchpointe.api.csproj]
  Touchpointe.API -> C:\Users\ajmal\Desktop\touchpointe\touchpointe_os\backend\src\touchpointe.api\bin\Debug\net9.0\Touchpointe.API.dll

Build succeeded.

C:\Program Files\dotnet\sdk\9.0.310\Microsoft.Common.CurrentVersion.targets(5093,5): warning MSB3026: Could not copy "C:\Users\ajmal\Desktop\touchpointe\touchpointe_os\backend\src\Touchpointe.Application\bin\Debug\net9.0\Touchpointe.Application.dll" to "bin\Debug\net9.0\Touchpointe.Application.dll". Beginning retry 1 in 1000ms. The process cannot access the file 'C:\Users\ajmal\Desktop\touchpointe\touchpointe_os\backend\src\touchpointe.api\bin\Debug\net9.0\Touchpointe.Application.dll' because it is being used by another process. The file is locked by: "Touchpointe.API (30180)" [C:\Users\ajmal\Desktop\touchpointe\touchpointe_os\backend\src\touchpointe.api\touchpointe.api.csproj]
C:\Program Files\dotnet\sdk\9.0.310\Microsoft.Common.CurrentVersion.targets(5093,5): warning MSB3026: Could not copy "C:\Users\ajmal\Desktop\touchpointe\touchpointe_os\backend\src\Touchpointe.Application\bin\Debug\net9.0\Touchpointe.Application.dll" to "bin\Debug\net9.0\Touchpointe.Application.dll". Beginning retry 2 in 1000ms. The process cannot access the file 'C:\Users\ajmal\Desktop\touchpointe\touchpointe_os\backend\src\touchpointe.api\bin\Debug\net9.0\Touchpointe.Application.dll' because it is being used by another process. The file is locked by: "Touchpointe.API (30180)" [C:\Users\ajmal\Desktop\touchpointe\touchpointe_os\backend\src\touchpointe.api\touchpointe.api.csproj]
C:\Program Files\dotnet\sdk\9.0.310\Microsoft.Common.CurrentVersion.targets(5093,5): warning MSB3026: Could not copy "C:\Users\ajmal\Desktop\touchpointe\touchpointe_os\backend\src\Touchpointe.Application\bin\Debug\net9.0\Touchpointe.Application.dll" to "bin\Debug\net9.0\Touchpointe.Application.dll". Beginning retry 3 in 1000ms. The process cannot access the file 'C:\Users\ajmal\Desktop\touchpointe\touchpointe_os\backend\src\touchpointe.api\bin\Debug\net9.0\Touchpointe.Application.dll' because it is being used by another process. The file is locked by: "Touchpointe.API (30180)" [C:\Users\ajmal\Desktop\touchpointe\touchpointe_os\backend\src\touchpointe.api\touchpointe.api.csproj]
C:\Program Files\dotnet\sdk\9.0.310\Microsoft.Common.CurrentVersion.targets(5093,5): warning MSB3026: Could not copy "C:\Users\ajmal\Desktop\touchpointe\touchpointe_os\backend\src\Touchpointe.Application\bin\Debug\net9.0\Touchpointe.Application.dll" to "bin\Debug\net9.0\Touchpointe.Application.dll". Beginning retry 4 in 1000ms. The process cannot access the file 'C:\Users\ajmal\Desktop\touchpointe\touchpointe_os\backend\src\touchpointe.api\bin\Debug\net9.0\Touchpointe.Application.dll' because it is being used by another process. The file is locked by: "Touchpointe.API (30180)" [C:\Users\ajmal\Desktop\touchpointe\touchpointe_os\backend\src\touchpointe.api\touchpointe.api.csproj]
C:\Program Files\dotnet\sdk\9.0.310\Microsoft.Common.CurrentVersion.targets(5093,5): warning MSB3026: Could not copy "C:\Users\ajmal\Desktop\touchpointe\touchpointe_os\backend\src\Touchpointe.Application\bin\Debug\net9.0\Touchpointe.Application.dll" to "bin\Debug\net9.0\Touchpointe.Application.dll". Beginning retry 5 in 1000ms. The process cannot access the file 'C:\Users\ajmal\Desktop\touchpointe\touchpointe_os\backend\src\touchpointe.api\bin\Debug\net9.0\Touchpointe.Application.dll' because it is being used by another process. The file is locked by: "Touchpointe.API (30180)" [C:\Users\ajmal\Desktop\touchpointe\touchpointe_os\backend\src\touchpointe.api\touchpointe.api.csproj]
    5 Warning(s)
    0 Error(s)

Time Elapsed 00:00:07.99
