  Determining projects to restore...
  All projects are up-to-date for restore.
  Touchpointe.Domain -> C:\Users\ajmal\Desktop\touchpointe\touchpointe_os\backend\src\Touchpointe.Domain\bin\Debug\net9.0\Touchpointe.Domain.dll
  Touchpointe.Application -> C:\Users\ajmal\Desktop\touchpointe\touchpointe_os\backend\src\Touchpointe.Application\bin\Debug\net9.0\Touchpointe.Application.dll
  Touchpointe.Infrastructure -> C:\Users\ajmal\Desktop\touchpointe\touchpointe_os\backend\src\Touchpointe.Infrastructure\bin\Debug\net9.0\Touchpointe.Infrastructure.dll
C:\Program Files\dotnet\sdk\9.0.310\Microsoft.Common.CurrentVersion.targets(5093,5): warning MSB3026: Could not copy "C:\Users\ajmal\Desktop\touchpointe\touchpointe_os\backend\src\Touchpointe.Application\bin\Debug\net9.0\Touchpointe.Application.dll" to "bin\Debug\net9.0\Touchpointe.Application.dll". Beginning retry 1 in 1000ms. The process cannot access the file 'C:\Users\ajmal\Desktop\touchpointe\touchpointe_os\backend\src\touchpointe.api\bin\Debug\net9.0\Touchpointe.Application.dll' because it is being used by another process. The file is locked by: "Touchpointe.API (35268)" [C:\Users\ajmal\Desktop\touchpointe\touchpointe_os\backend\src\touchpointe.api\touchpointe.api.csproj]
C:\Program Files\dotnet\sdk\9.0.310\Microsoft.Common.CurrentVersion.targets(5093,5): warning MSB3026: Could not copy "C:\Users\ajmal\Desktop\touchpointe\touchpointe_os\backend\src\Touchpointe.Infrastructure\bin\Debug\net9.0\Touchpointe.Infrastructure.dll" to "bin\Debug\net9.0\Touchpointe.Infrastructure.dll". Beginning retry 1 in 1000ms. The process cannot access the file 'C:\Users\ajmal\Desktop\touchpointe\touchpointe_os\backend\src\touchpointe.api\bin\Debug\net9.0\Touchpointe.Infrastructure.dll' because it is being used by another process. The file is locked by: "Touchpointe.API (35268)" [C:\Users\ajmal\Desktop\touchpointe\touchpointe_os\backend\src\touchpointe.api\touchpointe.api.csproj]
C:\Program Files\dotnet\sdk\9.0.310\Microsoft.Common.CurrentVersion.targets(5093,5): warning MSB3026: Could not copy "C:\Users\ajmal\Desktop\touchpointe\touchpointe_os\backend\src\Touchpointe.Application\bin\Debug\net9.0\Touchpointe.Application.dll" to "bin\Debug\net9.0\Touchpointe.Application.dll". Beginning retry 2 in 1000ms. The process cannot access the file 'C:\Users\ajmal\Desktop\touchpointe\touchpointe_os\backend\src\touchpointe.api\bin\Debug\net9.0\Touchpointe.Application.dll' because it is being used by another process. The file is locked by: "Touchpointe.API (35268)" [C:\Users\ajmal\Desktop\touchpointe\touchpointe_os\backend\src\touchpointe.api\touchpointe.api.csproj]
C:\Program Files\dotnet\sdk\9.0.310\Microsoft.Common.CurrentVersion.targets(5093,5): warning MSB3026: Could not copy "C:\Users\ajmal\Desktop\touchpointe\touchpointe_os\backend\src\Touchpointe.Infrastructure\bin\Debug\net9.0\Touchpointe.Infrastructure.dll" to "bin\Debug\net9.0\Touchpointe.Infrastructure.dll". Beginning retry 2 in 1000ms. The process cannot access the file 'C:\Users\ajmal\Desktop\touchpointe\touchpointe_os\backend\src\touchpointe.api\bin\Debug\net9.0\Touchpointe.Infrastructure.dll' because it is being used by another process. The file is locked by: "Touchpointe.API (35268)" [C:\Users\ajmal\Desktop\touchpointe\touchpointe_os\backend\src\touchpointe.api\touchpointe.api.csproj]
C:\Program Files\dotnet\sdk\9.0.310\Microsoft.Common.CurrentVersion.targets(5093,5): warning MSB3026: Could not copy "C:\Users\ajmal\Desktop\touchpointe\touchpointe_os\backend\src\Touchpointe.Infrastructure\bin\Debug\net9.0\Touchpointe.Infrastructure.dll" to "bin\Debug\net9.0\Touchpointe.Infrastructure.dll". Beginning retry 3 in 1000ms. The process cannot access the file 'C:\Users\ajmal\Desktop\touchpointe\touchpointe_os\backend\src\touchpointe.api\bin\Debug\net9.0\Touchpointe.Infrastructure.dll' because it is being used by another process. The file is locked by: "Touchpointe.API (35268)" [C:\Users\ajmal\Desktop\touchpointe\touchpointe_os\backend\src\touchpointe.api\touchpointe.api.csproj]
C:\Program Files\dotnet\sdk\9.0.310\Microsoft.Common.CurrentVersion.targets(5093,5): warning MSB3026: Could not copy "C:\Users\ajmal\Desktop\touchpointe\touchpointe_os\backend\src\Touchpointe.Application\bin\Debug\net9.0\Touchpointe.Application.dll" to "bin\Debug\net9.0\Touchpointe.Application.dll". Beginning retry 3 in 1000ms. The process cannot access the file 'C:\Users\ajmal\Desktop\touchpointe\touchpointe_os\backend\src\touchpointe.api\bin\Debug\net9.0\Touchpointe.Application.dll' because it is being used by another process. The file is locked by: "Touchpointe.API (35268)" [C:\Users\ajmal\Desktop\touchpointe\touchpointe_os\backend\src\touchpointe.api\touchpointe.api.csproj]
C:\Program Files\dotnet\sdk\9.0.310\Microsoft.Common.CurrentVersion.targets(5093,5): warning MSB3026: Could not copy "C:\Users\ajmal\Desktop\touchpointe\touchpointe_os\backend\src\Touchpointe.Infrastructure\bin\Debug\net9.0\Touchpointe.Infrastructure.dll" to "bin\Debug\net9.0\Touchpointe.Infrastructure.dll". Beginning retry 4 in 1000ms. The process cannot access the file 'C:\Users\ajmal\Desktop\touchpointe\touchpointe_os\backend\src\touchpointe.api\bin\Debug\net9.0\Touchpointe.Infrastructure.dll' because it is being used by another process. The file is locked by: "Touchpointe.API (35268)" [C:\Users\ajmal\Desktop\touchpointe\touchpointe_os\backend\src\touchpointe.api\touchpointe.api.csproj]
C:\Program Files\dotnet\sdk\9.0.310\Microsoft.Common.CurrentVersion.targets(5093,5): warning MSB3026: Could not copy "C:\Users\ajmal\Desktop\touchpointe\touchpointe_os\backend\src\Touchpointe.Application\bin\Debug\net9.0\Touchpointe.Application.dll" to "bin\Debug\net9.0\Touchpointe.Application.dll". Beginning retry 4 in 1000ms. The process cannot access the file 'C:\Users\ajmal\Desktop\touchpointe\touchpointe_os\backend\src\touchpointe.api\bin\Debug\net9.0\Touchpointe.Application.dll' because it is being used by another process. The file is locked by: "Touchpointe.API (35268)" [C:\Users\ajmal\Desktop\touchpointe\touchpointe_os\backend\src\touchpointe.api\touchpointe.api.csproj]
C:\Program Files\dotnet\sdk\9.0.310\Microsoft.Common.CurrentVersion.targets(5093,5): warning MSB3026: Could not copy "C:\Users\ajmal\Desktop\touchpointe\touchpointe_os\backend\src\Touchpointe.Application\bin\Debug\net9.0\Touchpointe.Application.dll" to "bin\Debug\net9.0\Touchpointe.Application.dll". Beginning retry 5 in 1000ms. The process cannot access the file 'C:\Users\ajmal\Desktop\touchpointe\touchpointe_os\backend\src\touchpointe.api\bin\Debug\net9.0\Touchpointe.Application.dll' because it is being used by another process. The file is locked by: "Touchpointe.API (35268)" [C:\Users\ajmal\Desktop\touchpointe\touchpointe_os\backend\src\touchpointe.api\touchpointe.api.csproj]
C:\Program Files\dotnet\sdk\9.0.310\Microsoft.Common.CurrentVersion.targets(5093,5): warning MSB3026: Could not copy "C:\Users\ajmal\Desktop\touchpointe\touchpointe_os\backend\src\Touchpointe.Infrastructure\bin\Debug\net9.0\Touchpointe.Infrastructure.dll" to "bin\Debug\net9.0\Touchpointe.Infrastructure.dll". Beginning retry 5 in 1000ms. The process cannot access the file 'C:\Users\ajmal\Desktop\touchpointe\touchpointe_os\backend\src\touchpointe.api\bin\Debug\net9.0\Touchpointe.Infrastructure.dll' because it is being used by another process. The file is locked by: "Touchpointe.API (35268)" [C:\Users\ajmal\Desktop\touchpointe\touchpointe_os\backend\src\touchpointe.api\touchpointe.api.csproj]
C:\Program Files\dotnet\sdk\9.0.310\Microsoft.Common.CurrentVersion.targets(5093,5): warning MSB3026: Could not copy "C:\Users\ajmal\Desktop\touchpointe\touchpointe_os\backend\src\Touchpointe.Application\bin\Debug\net9.0\Touchpointe.Application.dll" to "bin\Debug\net9.0\Touchpointe.Application.dll". Beginning retry 6 in 1000ms. The process cannot access the file 'C:\Users\ajmal\Desktop\touchpointe\touchpointe_os\backend\src\touchpointe.api\bin\Debug\net9.0\Touchpointe.Application.dll' because it is being used by another process. The file is locked by: "Touchpointe.API (35268)" [C:\Users\ajmal\Desktop\touchpointe\touchpointe_os\backend\src\touchpointe.api\touchpointe.api.csproj]
C:\Program Files\dotnet\sdk\9.0.310\Microsoft.Common.CurrentVersion.targets(5093,5): warning MSB3026: Could not copy "C:\Users\ajmal\Desktop\touchpointe\touchpointe_os\backend\src\Touchpointe.Infrastructure\bin\Debug\net9.0\Touchpointe.Infrastructure.dll" to "bin\Debug\net9.0\Touchpointe.Infrastructure.dll". Beginning retry 6 in 1000ms. The process cannot access the file 'C:\Users\ajmal\Desktop\touchpointe\touchpointe_os\backend\src\touchpointe.api\bin\Debug\net9.0\Touchpointe.Infrastructure.dll' because it is being used by another process. The file is locked by: "Touchpointe.API (35268)" [C:\Users\ajmal\Desktop\touchpointe\touchpointe_os\backend\src\touchpointe.api\touchpointe.api.csproj]
C:\Program Files\dotnet\sdk\9.0.310\Microsoft.Common.CurrentVersion.targets(5093,5): warning MSB3026: Could not copy "C:\Users\ajmal\Desktop\touchpointe\touchpointe_os\backend\src\Touchpointe.Infrastructure\bin\Debug\net9.0\Touchpointe.Infrastructure.dll" to "bin\Debug\net9.0\Touchpointe.Infrastructure.dll". Beginning retry 7 in 1000ms. The process cannot access the file 'C:\Users\ajmal\Desktop\touchpointe\touchpointe_os\backend\src\touchpointe.api\bin\Debug\net9.0\Touchpointe.Infrastructure.dll' because it is being used by another process. The file is locked by: "Touchpointe.API (35268)" [C:\Users\ajmal\Desktop\touchpointe\touchpointe_os\backend\src\touchpointe.api\touchpointe.api.csproj]
C:\Program Files\dotnet\sdk\9.0.310\Microsoft.Common.CurrentVersion.targets(5093,5): warning MSB3026: Could not copy "C:\Users\ajmal\Desktop\touchpointe\touchpointe_os\backend\src\Touchpointe.Application\bin\Debug\net9.0\Touchpointe.Application.dll" to "bin\Debug\net9.0\Touchpointe.Application.dll". Beginning retry 7 in 1000ms. The process cannot access the file 'C:\Users\ajmal\Desktop\touchpointe\touchpointe_os\backend\src\touchpointe.api\bin\Debug\net9.0\Touchpointe.Application.dll' because it is being used by another process. The file is locked by: "Touchpointe.API (35268)" [C:\Users\ajmal\Desktop\touchpointe\touchpointe_os\backend\src\touchpointe.api\touchpointe.api.csproj]
C:\Program Files\dotnet\sdk\9.0.310\Microsoft.Common.CurrentVersion.targets(5093,5): warning MSB3026: Could not copy "C:\Users\ajmal\Desktop\touchpointe\touchpointe_os\backend\src\Touchpointe.Application\bin\Debug\net9.0\Touchpointe.Application.dll" to "bin\Debug\net9.0\Touchpointe.Application.dll". Beginning retry 8 in 1000ms. The process cannot access the file 'C:\Users\ajmal\Desktop\touchpointe\touchpointe_os\backend\src\touchpointe.api\bin\Debug\net9.0\Touchpointe.Application.dll' because it is being used by another process. The file is locked by: "Touchpointe.API (35268)" [C:\Users\ajmal\Desktop\touchpointe\touchpointe_os\backend\src\touchpointe.api\touchpointe.api.csproj]
C:\Program Files\dotnet\sdk\9.0.310\Microsoft.Common.CurrentVersion.targets(5093,5): warning MSB3026: Could not copy "C:\Users\ajmal\Desktop\touchpointe\touchpointe_os\backend\src\Touchpointe.Infrastructure\bin\Debug\net9.0\Touchpointe.Infrastructure.dll" to "bin\Debug\net9.0\Touchpointe.Infrastructure.dll". Beginning retry 8 in 1000ms. The process cannot access the file 'C:\Users\ajmal\Desktop\touchpointe\touchpointe_os\backend\src\touchpointe.api\bin\Debug\net9.0\Touchpointe.Infrastructure.dll' because it is being used by another process. The file is locked by: "Touchpointe.API (35268)" [C:\Users\ajmal\Desktop\touchpointe\touchpointe_os\backend\src\touchpointe.api\touchpointe.api.csproj]
C:\Program Files\dotnet\sdk\9.0.310\Microsoft.Common.CurrentVersion.targets(5093,5): warning MSB3026: Could not copy "C:\Users\ajmal\Desktop\touchpointe\touchpointe_os\backend\src\Touchpointe.Application\bin\Debug\net9.0\Touchpointe.Application.dll" to "bin\Debug\net9.0\Touchpointe.Application.dll". Beginning retry 9 in 1000ms. The process cannot access the file 'C:\Users\ajmal\Desktop\touchpointe\touchpointe_os\backend\src\touchpointe.api\bin\Debug\net9.0\Touchpointe.Application.dll' because it is being used by another process. The file is locked by: "Touchpointe.API (35268)" [C:\Users\ajmal\Desktop\touchpointe\touchpointe_os\backend\src\touchpointe.api\touchpointe.api.csproj]
C:\Program Files\dotnet\sdk\9.0.310\Microsoft.Common.CurrentVersion.targets(5093,5): warning MSB3026: Could not copy "C:\Users\ajmal\Desktop\touchpointe\touchpointe_os\backend\src\Touchpointe.Infrastructure\bin\Debug\net9.0\Touchpointe.Infrastructure.dll" to "bin\Debug\net9.0\Touchpointe.Infrastructure.dll". Beginning retry 9 in 1000ms. The process cannot access the file 'C:\Users\ajmal\Desktop\touchpointe\touchpointe_os\backend\src\touchpointe.api\bin\Debug\net9.0\Touchpointe.Infrastructure.dll' because it is being used by another process. The file is locked by: "Touchpointe.API (35268)" [C:\Users\ajmal\Desktop\touchpointe\touchpointe_os\backend\src\touchpointe.api\touchpointe.api.csproj]
C:\Program Files\dotnet\sdk\9.0.310\Microsoft.Common.CurrentVersion.targets(5093,5): warning MSB3026: Could not copy "C:\Users\ajmal\Desktop\touchpointe\touchpointe_os\backend\src\Touchpointe.Application\bin\Debug\net9.0\Touchpointe.Application.dll" to "bin\Debug\net9.0\Touchpointe.Application.dll". Beginning retry 10 in 1000ms. The process cannot access the file 'C:\Users\ajmal\Desktop\touchpointe\touchpointe_os\backend\src\touchpointe.api\bin\Debug\net9.0\Touchpointe.Application.dll' because it is being used by another process. The file is locked by: "Touchpointe.API (35268)" [C:\Users\ajmal\Desktop\touchpointe\touchpointe_os\backend\src\touchpointe.api\touchpointe.api.csproj]
C:\Program Files\dotnet\sdk\9.0.310\Microsoft.Common.CurrentVersion.targets(5093,5): warning MSB3026: Could not copy "C:\Users\ajmal\Desktop\touchpointe\touchpointe_os\backend\src\Touchpointe.Infrastructure\bin\Debug\net9.0\Touchpointe.Infrastructure.dll" to "bin\Debug\net9.0\Touchpointe.Infrastructure.dll". Beginning retry 10 in 1000ms. The process cannot access the file 'C:\Users\ajmal\Desktop\touchpointe\touchpointe_os\backend\src\touchpointe.api\bin\Debug\net9.0\Touchpointe.Infrastructure.dll' because it is being used by another process. The file is locked by: "Touchpointe.API (35268)" [C:\Users\ajmal\Desktop\touchpointe\touchpointe_os\backend\src\touchpointe.api\touchpointe.api.csproj]
C:\Program Files\dotnet\sdk\9.0.310\Microsoft.Common.CurrentVersion.targets(5093,5): error MSB3027: Could not copy "C:\Users\ajmal\Desktop\touchpointe\touchpointe_os\backend\src\Touchpointe.Application\bin\Debug\net9.0\Touchpointe.Application.dll" to "bin\Debug\net9.0\Touchpointe.Application.dll". Exceeded retry count of 10. Failed. The file is locked by: "Touchpointe.API (35268)" [C:\Users\ajmal\Desktop\touchpointe\touchpointe_os\backend\src\touchpointe.api\touchpointe.api.csproj]
C:\Program Files\dotnet\sdk\9.0.310\Microsoft.Common.CurrentVersion.targets(5093,5): error MSB3021: Unable to copy file "C:\Users\ajmal\Desktop\touchpointe\touchpointe_os\backend\src\Touchpointe.Application\bin\Debug\net9.0\Touchpointe.Application.dll" to "bin\Debug\net9.0\Touchpointe.Application.dll". The process cannot access the file 'C:\Users\ajmal\Desktop\touchpointe\touchpointe_os\backend\src\touchpointe.api\bin\Debug\net9.0\Touchpointe.Application.dll' because it is being used by another process. [C:\Users\ajmal\Desktop\touchpointe\touchpointe_os\backend\src\touchpointe.api\touchpointe.api.csproj]
C:\Program Files\dotnet\sdk\9.0.310\Microsoft.Common.CurrentVersion.targets(5093,5): error MSB3027: Could not copy "C:\Users\ajmal\Desktop\touchpointe\touchpointe_os\backend\src\Touchpointe.Infrastructure\bin\Debug\net9.0\Touchpointe.Infrastructure.dll" to "bin\Debug\net9.0\Touchpointe.Infrastructure.dll". Exceeded retry count of 10. Failed. The file is locked by: "Touchpointe.API (35268)" [C:\Users\ajmal\Desktop\touchpointe\touchpointe_os\backend\src\touchpointe.api\touchpointe.api.csproj]
C:\Program Files\dotnet\sdk\9.0.310\Microsoft.Common.CurrentVersion.targets(5093,5): error MSB3021: Unable to copy file "C:\Users\ajmal\Desktop\touchpointe\touchpointe_os\backend\src\Touchpointe.Infrastructure\bin\Debug\net9.0\Touchpointe.Infrastructure.dll" to "bin\Debug\net9.0\Touchpointe.Infrastructure.dll". The process cannot access the file 'C:\Users\ajmal\Desktop\touchpointe\touchpointe_os\backend\src\touchpointe.api\bin\Debug\net9.0\Touchpointe.Infrastructure.dll' because it is being used by another process. [C:\Users\ajmal\Desktop\touchpointe\touchpointe_os\backend\src\touchpointe.api\touchpointe.api.csproj]

Build FAILED.

C:\Program Files\dotnet\sdk\9.0.310\Microsoft.Common.CurrentVersion.targets(5093,5): warning MSB3026: Could not copy "C:\Users\ajmal\Desktop\touchpointe\touchpointe_os\backend\src\Touchpointe.Application\bin\Debug\net9.0\Touchpointe.Application.dll" to "bin\Debug\net9.0\Touchpointe.Application.dll". Beginning retry 1 in 1000ms. The process cannot access the file 'C:\Users\ajmal\Desktop\touchpointe\touchpointe_os\backend\src\touchpointe.api\bin\Debug\net9.0\Touchpointe.Application.dll' because it is being used by another process. The file is locked by: "Touchpointe.API (35268)" [C:\Users\ajmal\Desktop\touchpointe\touchpointe_os\backend\src\touchpointe.api\touchpointe.api.csproj]
C:\Program Files\dotnet\sdk\9.0.310\Microsoft.Common.CurrentVersion.targets(5093,5): warning MSB3026: Could not copy "C:\Users\ajmal\Desktop\touchpointe\touchpointe_os\backend\src\Touchpointe.Infrastructure\bin\Debug\net9.0\Touchpointe.Infrastructure.dll" to "bin\Debug\net9.0\Touchpointe.Infrastructure.dll". Beginning retry 1 in 1000ms. The process cannot access the file 'C:\Users\ajmal\Desktop\touchpointe\touchpointe_os\backend\src\touchpointe.api\bin\Debug\net9.0\Touchpointe.Infrastructure.dll' because it is being used by another process. The file is locked by: "Touchpointe.API (35268)" [C:\Users\ajmal\Desktop\touchpointe\touchpointe_os\backend\src\touchpointe.api\touchpointe.api.csproj]
C:\Program Files\dotnet\sdk\9.0.310\Microsoft.Common.CurrentVersion.targets(5093,5): warning MSB3026: Could not copy "C:\Users\ajmal\Desktop\touchpointe\touchpointe_os\backend\src\Touchpointe.Application\bin\Debug\net9.0\Touchpointe.Application.dll" to "bin\Debug\net9.0\Touchpointe.Application.dll". Beginning retry 2 in 1000ms. The process cannot access the file 'C:\Users\ajmal\Desktop\touchpointe\touchpointe_os\backend\src\touchpointe.api\bin\Debug\net9.0\Touchpointe.Application.dll' because it is being used by another process. The file is locked by: "Touchpointe.API (35268)" [C:\Users\ajmal\Desktop\touchpointe\touchpointe_os\backend\src\touchpointe.api\touchpointe.api.csproj]
C:\Program Files\dotnet\sdk\9.0.310\Microsoft.Common.CurrentVersion.targets(5093,5): warning MSB3026: Could not copy "C:\Users\ajmal\Desktop\touchpointe\touchpointe_os\backend\src\Touchpointe.Infrastructure\bin\Debug\net9.0\Touchpointe.Infrastructure.dll" to "bin\Debug\net9.0\Touchpointe.Infrastructure.dll". Beginning retry 2 in 1000ms. The process cannot access the file 'C:\Users\ajmal\Desktop\touchpointe\touchpointe_os\backend\src\touchpointe.api\bin\Debug\net9.0\Touchpointe.Infrastructure.dll' because it is being used by another process. The file is locked by: "Touchpointe.API (35268)" [C:\Users\ajmal\Desktop\touchpointe\touchpointe_os\backend\src\touchpointe.api\touchpointe.api.csproj]
C:\Program Files\dotnet\sdk\9.0.310\Microsoft.Common.CurrentVersion.targets(5093,5): warning MSB3026: Could not copy "C:\Users\ajmal\Desktop\touchpointe\touchpointe_os\backend\src\Touchpointe.Infrastructure\bin\Debug\net9.0\Touchpointe.Infrastructure.dll" to "bin\Debug\net9.0\Touchpointe.Infrastructure.dll". Beginning retry 3 in 1000ms. The process cannot access the file 'C:\Users\ajmal\Desktop\touchpointe\touchpointe_os\backend\src\touchpointe.api\bin\Debug\net9.0\Touchpointe.Infrastructure.dll' because it is being used by another process. The file is locked by: "Touchpointe.API (35268)" [C:\Users\ajmal\Desktop\touchpointe\touchpointe_os\backend\src\touchpointe.api\touchpointe.api.csproj]
C:\Program Files\dotnet\sdk\9.0.310\Microsoft.Common.CurrentVersion.targets(5093,5): warning MSB3026: Could not copy "C:\Users\ajmal\Desktop\touchpointe\touchpointe_os\backend\src\Touchpointe.Application\bin\Debug\net9.0\Touchpointe.Application.dll" to "bin\Debug\net9.0\Touchpointe.Application.dll". Beginning retry 3 in 1000ms. The process cannot access the file 'C:\Users\ajmal\Desktop\touchpointe\touchpointe_os\backend\src\touchpointe.api\bin\Debug\net9.0\Touchpointe.Application.dll' because it is being used by another process. The file is locked by: "Touchpointe.API (35268)" [C:\Users\ajmal\Desktop\touchpointe\touchpointe_os\backend\src\touchpointe.api\touchpointe.api.csproj]
C:\Program Files\dotnet\sdk\9.0.310\Microsoft.Common.CurrentVersion.targets(5093,5): warning MSB3026: Could not copy "C:\Users\ajmal\Desktop\touchpointe\touchpointe_os\backend\src\Touchpointe.Infrastructure\bin\Debug\net9.0\Touchpointe.Infrastructure.dll" to "bin\Debug\net9.0\Touchpointe.Infrastructure.dll". Beginning retry 4 in 1000ms. The process cannot access the file 'C:\Users\ajmal\Desktop\touchpointe\touchpointe_os\backend\src\touchpointe.api\bin\Debug\net9.0\Touchpointe.Infrastructure.dll' because it is being used by another process. The file is locked by: "Touchpointe.API (35268)" [C:\Users\ajmal\Desktop\touchpointe\touchpointe_os\backend\src\touchpointe.api\touchpointe.api.csproj]
C:\Program Files\dotnet\sdk\9.0.310\Microsoft.Common.CurrentVersion.targets(5093,5): warning MSB3026: Could not copy "C:\Users\ajmal\Desktop\touchpointe\touchpointe_os\backend\src\Touchpointe.Application\bin\Debug\net9.0\Touchpointe.Application.dll" to "bin\Debug\net9.0\Touchpointe.Application.dll". Beginning retry 4 in 1000ms. The process cannot access the file 'C:\Users\ajmal\Desktop\touchpointe\touchpointe_os\backend\src\touchpointe.api\bin\Debug\net9.0\Touchpointe.Application.dll' because it is being used by another process. The file is locked by: "Touchpointe.API (35268)" [C:\Users\ajmal\Desktop\touchpointe\touchpointe_os\backend\src\touchpointe.api\touchpointe.api.csproj]
C:\Program Files\dotnet\sdk\9.0.310\Microsoft.Common.CurrentVersion.targets(5093,5): warning MSB3026: Could not copy "C:\Users\ajmal\Desktop\touchpointe\touchpointe_os\backend\src\Touchpointe.Application\bin\Debug\net9.0\Touchpointe.Application.dll" to "bin\Debug\net9.0\Touchpointe.Application.dll". Beginning retry 5 in 1000ms. The process cannot access the file 'C:\Users\ajmal\Desktop\touchpointe\touchpointe_os\backend\src\touchpointe.api\bin\Debug\net9.0\Touchpointe.Application.dll' because it is being used by another process. The file is locked by: "Touchpointe.API (35268)" [C:\Users\ajmal\Desktop\touchpointe\touchpointe_os\backend\src\touchpointe.api\touchpointe.api.csproj]
C:\Program Files\dotnet\sdk\9.0.310\Microsoft.Common.CurrentVersion.targets(5093,5): warning MSB3026: Could not copy "C:\Users\ajmal\Desktop\touchpointe\touchpointe_os\backend\src\Touchpointe.Infrastructure\bin\Debug\net9.0\Touchpointe.Infrastructure.dll" to "bin\Debug\net9.0\Touchpointe.Infrastructure.dll". Beginning retry 5 in 1000ms. The process cannot access the file 'C:\Users\ajmal\Desktop\touchpointe\touchpointe_os\backend\src\touchpointe.api\bin\Debug\net9.0\Touchpointe.Infrastructure.dll' because it is being used by another process. The file is locked by: "Touchpointe.API (35268)" [C:\Users\ajmal\Desktop\touchpointe\touchpointe_os\backend\src\touchpointe.api\touchpointe.api.csproj]
C:\Program Files\dotnet\sdk\9.0.310\Microsoft.Common.CurrentVersion.targets(5093,5): warning MSB3026: Could not copy "C:\Users\ajmal\Desktop\touchpointe\touchpointe_os\backend\src\Touchpointe.Application\bin\Debug\net9.0\Touchpointe.Application.dll" to "bin\Debug\net9.0\Touchpointe.Application.dll". Beginning retry 6 in 1000ms. The process cannot access the file 'C:\Users\ajmal\Desktop\touchpointe\touchpointe_os\backend\src\touchpointe.api\bin\Debug\net9.0\Touchpointe.Application.dll' because it is being used by another process. The file is locked by: "Touchpointe.API (35268)" [C:\Users\ajmal\Desktop\touchpointe\touchpointe_os\backend\src\touchpointe.api\touchpointe.api.csproj]
C:\Program Files\dotnet\sdk\9.0.310\Microsoft.Common.CurrentVersion.targets(5093,5): warning MSB3026: Could not copy "C:\Users\ajmal\Desktop\touchpointe\touchpointe_os\backend\src\Touchpointe.Infrastructure\bin\Debug\net9.0\Touchpointe.Infrastructure.dll" to "bin\Debug\net9.0\Touchpointe.Infrastructure.dll". Beginning retry 6 in 1000ms. The process cannot access the file 'C:\Users\ajmal\Desktop\touchpointe\touchpointe_os\backend\src\touchpointe.api\bin\Debug\net9.0\Touchpointe.Infrastructure.dll' because it is being used by another process. The file is locked by: "Touchpointe.API (35268)" [C:\Users\ajmal\Desktop\touchpointe\touchpointe_os\backend\src\touchpointe.api\touchpointe.api.csproj]
C:\Program Files\dotnet\sdk\9.0.310\Microsoft.Common.CurrentVersion.targets(5093,5): warning MSB3026: Could not copy "C:\Users\ajmal\Desktop\touchpointe\touchpointe_os\backend\src\Touchpointe.Infrastructure\bin\Debug\net9.0\Touchpointe.Infrastructure.dll" to "bin\Debug\net9.0\Touchpointe.Infrastructure.dll". Beginning retry 7 in 1000ms. The process cannot access the file 'C:\Users\ajmal\Desktop\touchpointe\touchpointe_os\backend\src\touchpointe.api\bin\Debug\net9.0\Touchpointe.Infrastructure.dll' because it is being used by another process. The file is locked by: "Touchpointe.API (35268)" [C:\Users\ajmal\Desktop\touchpointe\touchpointe_os\backend\src\touchpointe.api\touchpointe.api.csproj]
C:\Program Files\dotnet\sdk\9.0.310\Microsoft.Common.CurrentVersion.targets(5093,5): warning MSB3026: Could not copy "C:\Users\ajmal\Desktop\touchpointe\touchpointe_os\backend\src\Touchpointe.Application\bin\Debug\net9.0\Touchpointe.Application.dll" to "bin\Debug\net9.0\Touchpointe.Application.dll". Beginning retry 7 in 1000ms. The process cannot access the file 'C:\Users\ajmal\Desktop\touchpointe\touchpointe_os\backend\src\touchpointe.api\bin\Debug\net9.0\Touchpointe.Application.dll' because it is being used by another process. The file is locked by: "Touchpointe.API (35268)" [C:\Users\ajmal\Desktop\touchpointe\touchpointe_os\backend\src\touchpointe.api\touchpointe.api.csproj]
C:\Program Files\dotnet\sdk\9.0.310\Microsoft.Common.CurrentVersion.targets(5093,5): warning MSB3026: Could not copy "C:\Users\ajmal\Desktop\touchpointe\touchpointe_os\backend\src\Touchpointe.Application\bin\Debug\net9.0\Touchpointe.Application.dll" to "bin\Debug\net9.0\Touchpointe.Application.dll". Beginning retry 8 in 1000ms. The process cannot access the file 'C:\Users\ajmal\Desktop\touchpointe\touchpointe_os\backend\src\touchpointe.api\bin\Debug\net9.0\Touchpointe.Application.dll' because it is being used by another process. The file is locked by: "Touchpointe.API (35268)" [C:\Users\ajmal\Desktop\touchpointe\touchpointe_os\backend\src\touchpointe.api\touchpointe.api.csproj]
C:\Program Files\dotnet\sdk\9.0.310\Microsoft.Common.CurrentVersion.targets(5093,5): warning MSB3026: Could not copy "C:\Users\ajmal\Desktop\touchpointe\touchpointe_os\backend\src\Touchpointe.Infrastructure\bin\Debug\net9.0\Touchpointe.Infrastructure.dll" to "bin\Debug\net9.0\Touchpointe.Infrastructure.dll". Beginning retry 8 in 1000ms. The process cannot access the file 'C:\Users\ajmal\Desktop\touchpointe\touchpointe_os\backend\src\touchpointe.api\bin\Debug\net9.0\Touchpointe.Infrastructure.dll' because it is being used by another process. The file is locked by: "Touchpointe.API (35268)" [C:\Users\ajmal\Desktop\touchpointe\touchpointe_os\backend\src\touchpointe.api\touchpointe.api.csproj]
C:\Program Files\dotnet\sdk\9.0.310\Microsoft.Common.CurrentVersion.targets(5093,5): warning MSB3026: Could not copy "C:\Users\ajmal\Desktop\touchpointe\touchpointe_os\backend\src\Touchpointe.Application\bin\Debug\net9.0\Touchpointe.Application.dll" to "bin\Debug\net9.0\Touchpointe.Application.dll". Beginning retry 9 in 1000ms. The process cannot access the file 'C:\Users\ajmal\Desktop\touchpointe\touchpointe_os\backend\src\touchpointe.api\bin\Debug\net9.0\Touchpointe.Application.dll' because it is being used by another process. The file is locked by: "Touchpointe.API (35268)" [C:\Users\ajmal\Desktop\touchpointe\touchpointe_os\backend\src\touchpointe.api\touchpointe.api.csproj]
C:\Program Files\dotnet\sdk\9.0.310\Microsoft.Common.CurrentVersion.targets(5093,5): warning MSB3026: Could not copy "C:\Users\ajmal\Desktop\touchpointe\touchpointe_os\backend\src\Touchpointe.Infrastructure\bin\Debug\net9.0\Touchpointe.Infrastructure.dll" to "bin\Debug\net9.0\Touchpointe.Infrastructure.dll". Beginning retry 9 in 1000ms. The process cannot access the file 'C:\Users\ajmal\Desktop\touchpointe\touchpointe_os\backend\src\touchpointe.api\bin\Debug\net9.0\Touchpointe.Infrastructure.dll' because it is being used by another process. The file is locked by: "Touchpointe.API (35268)" [C:\Users\ajmal\Desktop\touchpointe\touchpointe_os\backend\src\touchpointe.api\touchpointe.api.csproj]
C:\Program Files\dotnet\sdk\9.0.310\Microsoft.Common.CurrentVersion.targets(5093,5): warning MSB3026: Could not copy "C:\Users\ajmal\Desktop\touchpointe\touchpointe_os\backend\src\Touchpointe.Application\bin\Debug\net9.0\Touchpointe.Application.dll" to "bin\Debug\net9.0\Touchpointe.Application.dll". Beginning retry 10 in 1000ms. The process cannot access the file 'C:\Users\ajmal\Desktop\touchpointe\touchpointe_os\backend\src\touchpointe.api\bin\Debug\net9.0\Touchpointe.Application.dll' because it is being used by another process. The file is locked by: "Touchpointe.API (35268)" [C:\Users\ajmal\Desktop\touchpointe\touchpointe_os\backend\src\touchpointe.api\touchpointe.api.csproj]
C:\Program Files\dotnet\sdk\9.0.310\Microsoft.Common.CurrentVersion.targets(5093,5): warning MSB3026: Could not copy "C:\Users\ajmal\Desktop\touchpointe\touchpointe_os\backend\src\Touchpointe.Infrastructure\bin\Debug\net9.0\Touchpointe.Infrastructure.dll" to "bin\Debug\net9.0\Touchpointe.Infrastructure.dll". Beginning retry 10 in 1000ms. The process cannot access the file 'C:\Users\ajmal\Desktop\touchpointe\touchpointe_os\backend\src\touchpointe.api\bin\Debug\net9.0\Touchpointe.Infrastructure.dll' because it is being used by another process. The file is locked by: "Touchpointe.API (35268)" [C:\Users\ajmal\Desktop\touchpointe\touchpointe_os\backend\src\touchpointe.api\touchpointe.api.csproj]
C:\Program Files\dotnet\sdk\9.0.310\Microsoft.Common.CurrentVersion.targets(5093,5): error MSB3027: Could not copy "C:\Users\ajmal\Desktop\touchpointe\touchpointe_os\backend\src\Touchpointe.Application\bin\Debug\net9.0\Touchpointe.Application.dll" to "bin\Debug\net9.0\Touchpointe.Application.dll". Exceeded retry count of 10. Failed. The file is locked by: "Touchpointe.API (35268)" [C:\Users\ajmal\Desktop\touchpointe\touchpointe_os\backend\src\touchpointe.api\touchpointe.api.csproj]
C:\Program Files\dotnet\sdk\9.0.310\Microsoft.Common.CurrentVersion.targets(5093,5): error MSB3021: Unable to copy file "C:\Users\ajmal\Desktop\touchpointe\touchpointe_os\backend\src\Touchpointe.Application\bin\Debug\net9.0\Touchpointe.Application.dll" to "bin\Debug\net9.0\Touchpointe.Application.dll". The process cannot access the file 'C:\Users\ajmal\Desktop\touchpointe\touchpointe_os\backend\src\touchpointe.api\bin\Debug\net9.0\Touchpointe.Application.dll' because it is being used by another process. [C:\Users\ajmal\Desktop\touchpointe\touchpointe_os\backend\src\touchpointe.api\touchpointe.api.csproj]
C:\Program Files\dotnet\sdk\9.0.310\Microsoft.Common.CurrentVersion.targets(5093,5): error MSB3027: Could not copy "C:\Users\ajmal\Desktop\touchpointe\touchpointe_os\backend\src\Touchpointe.Infrastructure\bin\Debug\net9.0\Touchpointe.Infrastructure.dll" to "bin\Debug\net9.0\Touchpointe.Infrastructure.dll". Exceeded retry count of 10. Failed. The file is locked by: "Touchpointe.API (35268)" [C:\Users\ajmal\Desktop\touchpointe\touchpointe_os\backend\src\touchpointe.api\touchpointe.api.csproj]
C:\Program Files\dotnet\sdk\9.0.310\Microsoft.Common.CurrentVersion.targets(5093,5): error MSB3021: Unable to copy file "C:\Users\ajmal\Desktop\touchpointe\touchpointe_os\backend\src\Touchpointe.Infrastructure\bin\Debug\net9.0\Touchpointe.Infrastructure.dll" to "bin\Debug\net9.0\Touchpointe.Infrastructure.dll". The process cannot access the file 'C:\Users\ajmal\Desktop\touchpointe\touchpointe_os\backend\src\touchpointe.api\bin\Debug\net9.0\Touchpointe.Infrastructure.dll' because it is being used by another process. [C:\Users\ajmal\Desktop\touchpointe\touchpointe_os\backend\src\touchpointe.api\touchpointe.api.csproj]
    20 Warning(s)
    4 Error(s)

Time Elapsed 00:00:14.27
