  Determining projects to restore...
  All projects are up-to-date for restore.
  Touchpointe.Domain -> C:\Users\ajmal\Desktop\touchpointe\touchpointe_os\backend\src\Touchpointe.Domain\bin\Debug\net9.0\Touchpointe.Domain.dll
C:\Users\ajmal\Desktop\touchpointe\touchpointe_os\backend\src\Touchpointe.Application\Common\Interfaces\ITaskAttachmentService.cs(1,17): error CS0234: The type or namespace name 'AspNetCore' does not exist in the namespace 'Microsoft' (are you missing an assembly reference?) [C:\Users\ajmal\Desktop\touchpointe\touchpointe_os\backend\src\Touchpointe.Application\Touchpointe.Application.csproj]
C:\Users\ajmal\Desktop\touchpointe\touchpointe_os\backend\src\Touchpointe.Application\Services\Tasks\TaskAttachmentService.cs(1,17): error CS0234: The type or namespace name 'AspNetCore' does not exist in the namespace 'Microsoft' (are you missing an assembly reference?) [C:\Users\ajmal\Desktop\touchpointe\touchpointe_os\backend\src\Touchpointe.Application\Touchpointe.Application.csproj]
C:\Users\ajmal\Desktop\touchpointe\touchpointe_os\backend\src\Touchpointe.Application\Common\Interfaces\ITaskAttachmentService.cs(8,99): error CS0246: The type or namespace name 'IFormFile' could not be found (are you missing a using directive or an assembly reference?) [C:\Users\ajmal\Desktop\touchpointe\touchpointe_os\backend\src\Touchpointe.Application\Touchpointe.Application.csproj]
C:\Users\ajmal\Desktop\touchpointe\touchpointe_os\backend\src\Touchpointe.Application\Services\Tasks\TaskAttachmentService.cs(20,112): error CS0246: The type or namespace name 'IFormFile' could not be found (are you missing a using directive or an assembly reference?) [C:\Users\ajmal\Desktop\touchpointe\touchpointe_os\backend\src\Touchpointe.Application\Touchpointe.Application.csproj]

Build FAILED.

C:\Users\ajmal\Desktop\touchpointe\touchpointe_os\backend\src\Touchpointe.Application\Common\Interfaces\ITaskAttachmentService.cs(1,17): error CS0234: The type or namespace name 'AspNetCore' does not exist in the namespace 'Microsoft' (are you missing an assembly reference?) [C:\Users\ajmal\Desktop\touchpointe\touchpointe_os\backend\src\Touchpointe.Application\Touchpointe.Application.csproj]
C:\Users\ajmal\Desktop\touchpointe\touchpointe_os\backend\src\Touchpointe.Application\Services\Tasks\TaskAttachmentService.cs(1,17): error CS0234: The type or namespace name 'AspNetCore' does not exist in the namespace 'Microsoft' (are you missing an assembly reference?) [C:\Users\ajmal\Desktop\touchpointe\touchpointe_os\backend\src\Touchpointe.Application\Touchpointe.Application.csproj]
C:\Users\ajmal\Desktop\touchpointe\touchpointe_os\backend\src\Touchpointe.Application\Common\Interfaces\ITaskAttachmentService.cs(8,99): error CS0246: The type or namespace name 'IFormFile' could not be found (are you missing a using directive or an assembly reference?) [C:\Users\ajmal\Desktop\touchpointe\touchpointe_os\backend\src\Touchpointe.Application\Touchpointe.Application.csproj]
C:\Users\ajmal\Desktop\touchpointe\touchpointe_os\backend\src\Touchpointe.Application\Services\Tasks\TaskAttachmentService.cs(20,112): error CS0246: The type or namespace name 'IFormFile' could not be found (are you missing a using directive or an assembly reference?) [C:\Users\ajmal\Desktop\touchpointe\touchpointe_os\backend\src\Touchpointe.Application\Touchpointe.Application.csproj]
    0 Warning(s)
    4 Error(s)

Time Elapsed 00:00:01.88
