  Determining projects to restore...
  All projects are up-to-date for restore.
C:\Users\ajmal\Desktop\kravino Innovations\touchpointe\touchpointe_os\backend\src\Touchpointe.Domain\Entities\Folder.cs(8,27): error CS0246: The type or namespace name 'BaseAuditableEntity' could not be found (are you missing a using directive or an assembly reference?) [C:\Users\ajmal\Desktop\kravino Innovations\touchpointe\touchpointe_os\backend\src\Touchpointe.Domain\Touchpointe.Domain.csproj]
C:\Users\ajmal\Desktop\kravino Innovations\touchpointe\touchpointe_os\backend\src\Touchpointe.Domain\Entities\Message.cs(7,28): error CS0246: The type or namespace name 'BaseAuditableEntity' could not be found (are you missing a using directive or an assembly reference?) [C:\Users\ajmal\Desktop\kravino Innovations\touchpointe\touchpointe_os\backend\src\Touchpointe.Domain\Touchpointe.Domain.csproj]
C:\Users\ajmal\Desktop\kravino Innovations\touchpointe\touchpointe_os\backend\src\Touchpointe.Domain\Entities\Space.cs(8,26): error CS0246: The type or namespace name 'BaseAuditableEntity' could not be found (are you missing a using directive or an assembly reference?) [C:\Users\ajmal\Desktop\kravino Innovations\touchpointe\touchpointe_os\backend\src\Touchpointe.Domain\Touchpointe.Domain.csproj]
C:\Users\ajmal\Desktop\kravino Innovations\touchpointe\touchpointe_os\backend\src\Touchpointe.Domain\Entities\Tag.cs(9,24): error CS0246: The type or namespace name 'BaseAuditableEntity' could not be found (are you missing a using directive or an assembly reference?) [C:\Users\ajmal\Desktop\kravino Innovations\touchpointe\touchpointe_os\backend\src\Touchpointe.Domain\Touchpointe.Domain.csproj]
C:\Users\ajmal\Desktop\kravino Innovations\touchpointe\touchpointe_os\backend\src\Touchpointe.Domain\Entities\TaskComment.cs(7,32): error CS0246: The type or namespace name 'BaseAuditableEntity' could not be found (are you missing a using directive or an assembly reference?) [C:\Users\ajmal\Desktop\kravino Innovations\touchpointe\touchpointe_os\backend\src\Touchpointe.Domain\Touchpointe.Domain.csproj]
C:\Users\ajmal\Desktop\kravino Innovations\touchpointe\touchpointe_os\backend\src\Touchpointe.Domain\Entities\TaskItem.cs(35,10): error CS0246: The type or namespace name 'RequiredAttribute' could not be found (are you missing a using directive or an assembly reference?) [C:\Users\ajmal\Desktop\kravino Innovations\touchpointe\touchpointe_os\backend\src\Touchpointe.Domain\Touchpointe.Domain.csproj]
C:\Users\ajmal\Desktop\kravino Innovations\touchpointe\touchpointe_os\backend\src\Touchpointe.Domain\Entities\TaskItem.cs(35,10): error CS0246: The type or namespace name 'Required' could not be found (are you missing a using directive or an assembly reference?) [C:\Users\ajmal\Desktop\kravino Innovations\touchpointe\touchpointe_os\backend\src\Touchpointe.Domain\Touchpointe.Domain.csproj]
C:\Users\ajmal\Desktop\kravino Innovations\touchpointe\touchpointe_os\backend\src\Touchpointe.Domain\Entities\TaskList.cs(8,29): error CS0246: The type or namespace name 'BaseAuditableEntity' could not be found (are you missing a using directive or an assembly reference?) [C:\Users\ajmal\Desktop\kravino Innovations\touchpointe\touchpointe_os\backend\src\Touchpointe.Domain\Touchpointe.Domain.csproj]

Build FAILED.

C:\Users\ajmal\Desktop\kravino Innovations\touchpointe\touchpointe_os\backend\src\Touchpointe.Domain\Entities\Folder.cs(8,27): error CS0246: The type or namespace name 'BaseAuditableEntity' could not be found (are you missing a using directive or an assembly reference?) [C:\Users\ajmal\Desktop\kravino Innovations\touchpointe\touchpointe_os\backend\src\Touchpointe.Domain\Touchpointe.Domain.csproj]
C:\Users\ajmal\Desktop\kravino Innovations\touchpointe\touchpointe_os\backend\src\Touchpointe.Domain\Entities\Message.cs(7,28): error CS0246: The type or namespace name 'BaseAuditableEntity' could not be found (are you missing a using directive or an assembly reference?) [C:\Users\ajmal\Desktop\kravino Innovations\touchpointe\touchpointe_os\backend\src\Touchpointe.Domain\Touchpointe.Domain.csproj]
C:\Users\ajmal\Desktop\kravino Innovations\touchpointe\touchpointe_os\backend\src\Touchpointe.Domain\Entities\Space.cs(8,26): error CS0246: The type or namespace name 'BaseAuditableEntity' could not be found (are you missing a using directive or an assembly reference?) [C:\Users\ajmal\Desktop\kravino Innovations\touchpointe\touchpointe_os\backend\src\Touchpointe.Domain\Touchpointe.Domain.csproj]
C:\Users\ajmal\Desktop\kravino Innovations\touchpointe\touchpointe_os\backend\src\Touchpointe.Domain\Entities\Tag.cs(9,24): error CS0246: The type or namespace name 'BaseAuditableEntity' could not be found (are you missing a using directive or an assembly reference?) [C:\Users\ajmal\Desktop\kravino Innovations\touchpointe\touchpointe_os\backend\src\Touchpointe.Domain\Touchpointe.Domain.csproj]
C:\Users\ajmal\Desktop\kravino Innovations\touchpointe\touchpointe_os\backend\src\Touchpointe.Domain\Entities\TaskComment.cs(7,32): error CS0246: The type or namespace name 'BaseAuditableEntity' could not be found (are you missing a using directive or an assembly reference?) [C:\Users\ajmal\Desktop\kravino Innovations\touchpointe\touchpointe_os\backend\src\Touchpointe.Domain\Touchpointe.Domain.csproj]
C:\Users\ajmal\Desktop\kravino Innovations\touchpointe\touchpointe_os\backend\src\Touchpointe.Domain\Entities\TaskItem.cs(35,10): error CS0246: The type or namespace name 'RequiredAttribute' could not be found (are you missing a using directive or an assembly reference?) [C:\Users\ajmal\Desktop\kravino Innovations\touchpointe\touchpointe_os\backend\src\Touchpointe.Domain\Touchpointe.Domain.csproj]
C:\Users\ajmal\Desktop\kravino Innovations\touchpointe\touchpointe_os\backend\src\Touchpointe.Domain\Entities\TaskItem.cs(35,10): error CS0246: The type or namespace name 'Required' could not be found (are you missing a using directive or an assembly reference?) [C:\Users\ajmal\Desktop\kravino Innovations\touchpointe\touchpointe_os\backend\src\Touchpointe.Domain\Touchpointe.Domain.csproj]
C:\Users\ajmal\Desktop\kravino Innovations\touchpointe\touchpointe_os\backend\src\Touchpointe.Domain\Entities\TaskList.cs(8,29): error CS0246: The type or namespace name 'BaseAuditableEntity' could not be found (are you missing a using directive or an assembly reference?) [C:\Users\ajmal\Desktop\kravino Innovations\touchpointe\touchpointe_os\backend\src\Touchpointe.Domain\Touchpointe.Domain.csproj]
    0 Warning(s)
    8 Error(s)

Time Elapsed 00:00:00.89
